// Jest Snapshot v1, https://goo.gl/fbAQLP

exports[`Toolbar Personal Tools component renders an Toolbar Personal Tools component 1`] = `
<div
  className="personal-tools pastanaga-menu"
  style={
    Object {
      "flex": "0 0 320px",
    }
  }
>
  <header
    className="header"
  >
    <div
      className="vertical divider"
    />
    <h2>
      admin
    </h2>
    <a
      href="/logout"
      id="toolbar-logout"
      onClick={[Function]}
    >
      <svg
        className="icon logout"
        dangerouslySetInnerHTML={
          Object {
            "__html": "<title>Logout</title>undefined",
          }
        }
        onClick={null}
        style={
          Object {
            "fill": "currentColor",
            "height": "30px",
            "width": "auto",
          }
        }
        viewBox=""
        xmlns=""
      />
    </a>
  </header>
  <div
    className="avatar default"
  >
    <svg
      className="icon"
      dangerouslySetInnerHTML={
        Object {
          "__html": undefined,
        }
      }
      onClick={null}
      style={
        Object {
          "fill": "currentColor",
          "height": "96px",
          "width": "auto",
        }
      }
      viewBox=""
      xmlns=""
    />
  </div>
  <div
    className="pastanaga-menu-list"
  >
    <ul>
      <li>
        <a
          href="/personal-information"
          id="Profile"
          onClick={[Function]}
        >
          Profile
          <svg
            className="icon"
            dangerouslySetInnerHTML={
              Object {
                "__html": undefined,
              }
            }
            onClick={null}
            style={
              Object {
                "fill": "currentColor",
                "height": "24px",
                "width": "auto",
              }
            }
            viewBox=""
            xmlns=""
          />
        </a>
      </li>
      <li>
        <button
          aria-label="Preferences"
          onClick={[Function]}
        >
          Preferences
          <svg
            className="icon"
            dangerouslySetInnerHTML={
              Object {
                "__html": undefined,
              }
            }
            onClick={null}
            style={
              Object {
                "fill": "currentColor",
                "height": "24px",
                "width": "auto",
              }
            }
            viewBox=""
            xmlns=""
          />
        </button>
      </li>
      <li>
        <a
          href="/controlpanel"
          onClick={[Function]}
        >
          Site Setup
          <svg
            className="icon"
            dangerouslySetInnerHTML={
              Object {
                "__html": undefined,
              }
            }
            onClick={null}
            style={
              Object {
                "fill": "currentColor",
                "height": "24px",
                "width": "auto",
              }
            }
            viewBox=""
            xmlns=""
          />
        </a>
      </li>
    </ul>
  </div>
</div>
`;
